<?xml version="1.0" encoding="UTF-8"?>
<testsuites>
  <testsuite name="" tests="154" assertions="152" errors="0" warnings="0" failures="0" skipped="7" time="2.133240">
    <testsuite name="unit" tests="154" assertions="152" errors="0" warnings="0" failures="0" skipped="7" time="2.133240">
      <testsuite name="BackgroundTest" file="/workspaces/karla/tests/unit/Karla/Action/BackgroundTest.php" tests="4" assertions="4" errors="0" warnings="0" failures="0" skipped="0" time="0.069921">
        <testcase name="background" class="BackgroundTest" classname="BackgroundTest" file="/workspaces/karla/tests/unit/Karla/Action/BackgroundTest.php" line="51" assertions="1" time="0.046925"/>
        <testcase name="backgroundTwice" class="BackgroundTest" classname="BackgroundTest" file="/workspaces/karla/tests/unit/Karla/Action/BackgroundTest.php" line="68" assertions="1" time="0.010293"/>
        <testcase name="backgroundWithInvalidColor" class="BackgroundTest" classname="BackgroundTest" file="/workspaces/karla/tests/unit/Karla/Action/BackgroundTest.php" line="85" assertions="1" time="0.005966"/>
        <testcase name="backgroundWithHexColor" class="BackgroundTest" classname="BackgroundTest" file="/workspaces/karla/tests/unit/Karla/Action/BackgroundTest.php" line="102" assertions="1" time="0.006736"/>
      </testsuite>
      <testsuite name="BordercolorTest" file="/workspaces/karla/tests/unit/Karla/Action/BordercolorTest.php" tests="5" assertions="5" errors="0" warnings="0" failures="0" skipped="0" time="0.035003">
        <testcase name="bordercolorWithColorName" class="BordercolorTest" classname="BordercolorTest" file="/workspaces/karla/tests/unit/Karla/Action/BordercolorTest.php" line="51" assertions="1" time="0.008928"/>
        <testcase name="bordercolorTwice" class="BordercolorTest" classname="BordercolorTest" file="/workspaces/karla/tests/unit/Karla/Action/BordercolorTest.php" line="69" assertions="1" time="0.006155"/>
        <testcase name="bordercolorWithHexColor" class="BordercolorTest" classname="BordercolorTest" file="/workspaces/karla/tests/unit/Karla/Action/BordercolorTest.php" line="87" assertions="1" time="0.006568"/>
        <testcase name="bordercolorWithRgbColor" class="BordercolorTest" classname="BordercolorTest" file="/workspaces/karla/tests/unit/Karla/Action/BordercolorTest.php" line="106" assertions="1" time="0.006940"/>
        <testcase name="bordercolorWithInvalidColor" class="BordercolorTest" classname="BordercolorTest" file="/workspaces/karla/tests/unit/Karla/Action/BordercolorTest.php" line="124" assertions="1" time="0.006411"/>
      </testsuite>
      <testsuite name="ColorspaceTest" file="/workspaces/karla/tests/unit/Karla/Action/ColorspaceTest.php" tests="3" assertions="3" errors="0" warnings="0" failures="0" skipped="0" time="0.043357">
        <testcase name="colorspace" class="ColorspaceTest" classname="ColorspaceTest" file="/workspaces/karla/tests/unit/Karla/Action/ColorspaceTest.php" line="51" assertions="1" time="0.016164"/>
        <testcase name="colorspaceTwice" class="ColorspaceTest" classname="ColorspaceTest" file="/workspaces/karla/tests/unit/Karla/Action/ColorspaceTest.php" line="68" assertions="1" time="0.016003"/>
        <testcase name="colorspaceInvalid" class="ColorspaceTest" classname="ColorspaceTest" file="/workspaces/karla/tests/unit/Karla/Action/ColorspaceTest.php" line="85" assertions="1" time="0.011191"/>
      </testsuite>
      <testsuite name="CropTest" file="/workspaces/karla/tests/unit/Karla/Action/CropTest.php" tests="8" assertions="8" errors="0" warnings="0" failures="0" skipped="0" time="0.053927">
        <testcase name="crop" class="CropTest" classname="CropTest" file="/workspaces/karla/tests/unit/Karla/Action/CropTest.php" line="51" assertions="1" time="0.007666"/>
        <testcase name="cropWidthOffset" class="CropTest" classname="CropTest" file="/workspaces/karla/tests/unit/Karla/Action/CropTest.php" line="69" assertions="1" time="0.008004"/>
        <testcase name="cropWidthNegativeOffset" class="CropTest" classname="CropTest" file="/workspaces/karla/tests/unit/Karla/Action/CropTest.php" line="87" assertions="1" time="0.006314"/>
        <testcase name="cropTwice" class="CropTest" classname="CropTest" file="/workspaces/karla/tests/unit/Karla/Action/CropTest.php" line="104" assertions="1" time="0.007662"/>
        <testcase name="cropWithInvalidWidth" class="CropTest" classname="CropTest" file="/workspaces/karla/tests/unit/Karla/Action/CropTest.php" line="121" assertions="1" time="0.005871"/>
        <testcase name="cropWithInvalidHeight" class="CropTest" classname="CropTest" file="/workspaces/karla/tests/unit/Karla/Action/CropTest.php" line="137" assertions="1" time="0.006326"/>
        <testcase name="cropWithInvalidXOffset" class="CropTest" classname="CropTest" file="/workspaces/karla/tests/unit/Karla/Action/CropTest.php" line="153" assertions="1" time="0.005670"/>
        <testcase name="cropWithInvalidYOffset" class="CropTest" classname="CropTest" file="/workspaces/karla/tests/unit/Karla/Action/CropTest.php" line="169" assertions="1" time="0.006413"/>
      </testsuite>
      <testsuite name="DensityTest" file="/workspaces/karla/tests/unit/Karla/Action/DensityTest.php" tests="3" assertions="3" errors="0" warnings="0" failures="0" skipped="0" time="0.020234">
        <testcase name="density" class="DensityTest" classname="DensityTest" file="/workspaces/karla/tests/unit/Karla/Action/DensityTest.php" line="51" assertions="1" time="0.007757"/>
        <testcase name="densityAsAnInputputArgument" class="DensityTest" classname="DensityTest" file="/workspaces/karla/tests/unit/Karla/Action/DensityTest.php" line="69" assertions="1" time="0.006724"/>
        <testcase name="callDensityWithInvalidOutputSelection" class="DensityTest" classname="DensityTest" file="/workspaces/karla/tests/unit/Karla/Action/DensityTest.php" line="86" assertions="1" time="0.005753"/>
      </testsuite>
      <testsuite name="FlattenTest" file="/workspaces/karla/tests/unit/Karla/Action/FlattenTest.php" tests="2" assertions="2" errors="0" warnings="0" failures="0" skipped="0" time="0.014477">
        <testcase name="flatten" class="FlattenTest" classname="FlattenTest" file="/workspaces/karla/tests/unit/Karla/Action/FlattenTest.php" line="51" assertions="1" time="0.008334"/>
        <testcase name="flattenTwice" class="FlattenTest" classname="FlattenTest" file="/workspaces/karla/tests/unit/Karla/Action/FlattenTest.php" line="68" assertions="1" time="0.006143"/>
      </testsuite>
      <testsuite name="FlipTest" file="/workspaces/karla/tests/unit/Karla/Action/FlipTest.php" tests="2" assertions="2" errors="0" warnings="0" failures="0" skipped="0" time="0.015046">
        <testcase name="flip" class="FlipTest" classname="FlipTest" file="/workspaces/karla/tests/unit/Karla/Action/FlipTest.php" line="51" assertions="1" time="0.009365"/>
        <testcase name="flipTwice" class="FlipTest" classname="FlipTest" file="/workspaces/karla/tests/unit/Karla/Action/FlipTest.php" line="68" assertions="1" time="0.005681"/>
      </testsuite>
      <testsuite name="FlopTest" file="/workspaces/karla/tests/unit/Karla/Action/FlopTest.php" tests="2" assertions="2" errors="0" warnings="0" failures="0" skipped="0" time="0.015077">
        <testcase name="flop" class="FlopTest" classname="FlopTest" file="/workspaces/karla/tests/unit/Karla/Action/FlopTest.php" line="51" assertions="1" time="0.008664"/>
        <testcase name="flopTwice" class="FlopTest" classname="FlopTest" file="/workspaces/karla/tests/unit/Karla/Action/FlopTest.php" line="68" assertions="1" time="0.006412"/>
      </testsuite>
      <testsuite name="GravityTest" file="/workspaces/karla/tests/unit/Karla/Action/GravityTest.php" tests="1" assertions="1" errors="0" warnings="0" failures="0" skipped="0" time="0.013865">
        <testcase name="gravity" class="GravityTest" classname="GravityTest" file="/workspaces/karla/tests/unit/Karla/Action/GravityTest.php" line="50" assertions="1" time="0.013865"/>
      </testsuite>
      <testsuite name="LayersTest" file="/workspaces/karla/tests/unit/Karla/Action/LayersTest.php" tests="2" assertions="2" errors="0" warnings="0" failures="0" skipped="0" time="0.023228">
        <testcase name="layers" class="LayersTest" classname="LayersTest" file="/workspaces/karla/tests/unit/Karla/Action/LayersTest.php" line="51" assertions="1" time="0.012115"/>
        <testcase name="layersWithIvalidMethod" class="LayersTest" classname="LayersTest" file="/workspaces/karla/tests/unit/Karla/Action/LayersTest.php" line="68" assertions="1" time="0.011113"/>
      </testsuite>
      <testsuite name="PolaroidTest" file="/workspaces/karla/tests/unit/Karla/Action/PolaroidTest.php" tests="4" assertions="4" errors="0" warnings="0" failures="0" skipped="0" time="0.029412">
        <testcase name="polaroid" class="PolaroidTest" classname="PolaroidTest" file="/workspaces/karla/tests/unit/Karla/Action/PolaroidTest.php" line="51" assertions="1" time="0.008212"/>
        <testcase name="polaroidTwice" class="PolaroidTest" classname="PolaroidTest" file="/workspaces/karla/tests/unit/Karla/Action/PolaroidTest.php" line="68" assertions="1" time="0.007592"/>
        <testcase name="polaroidInvalidAngle" class="PolaroidTest" classname="PolaroidTest" file="/workspaces/karla/tests/unit/Karla/Action/PolaroidTest.php" line="85" assertions="1" time="0.005937"/>
        <testcase name="polaroidToBigAngle" class="PolaroidTest" classname="PolaroidTest" file="/workspaces/karla/tests/unit/Karla/Action/PolaroidTest.php" line="101" assertions="1" time="0.007671"/>
      </testsuite>
      <testsuite name="ProfileTest" file="/workspaces/karla/tests/unit/Karla/Action/ProfileTest.php" tests="3" assertions="3" errors="0" warnings="0" failures="0" skipped="0" time="0.020667">
        <testcase name="profile" class="ProfileTest" classname="ProfileTest" file="/workspaces/karla/tests/unit/Karla/Action/ProfileTest.php" line="51" assertions="1" time="0.007480"/>
        <testcase name="profileWithBuildinProfile" class="ProfileTest" classname="ProfileTest" file="/workspaces/karla/tests/unit/Karla/Action/ProfileTest.php" line="69" assertions="1" time="0.006538"/>
        <testcase name="profileWithBothPathAndProfilenameAsArgument" class="ProfileTest" classname="ProfileTest" file="/workspaces/karla/tests/unit/Karla/Action/ProfileTest.php" line="86" assertions="1" time="0.006649"/>
      </testsuite>
      <testsuite name="QualityTest" file="/workspaces/karla/tests/unit/Karla/Action/QualityTest.php" tests="5" assertions="5" errors="0" warnings="0" failures="0" skipped="0" time="0.034228">
        <testcase name="quality" class="QualityTest" classname="QualityTest" file="/workspaces/karla/tests/unit/Karla/Action/QualityTest.php" line="51" assertions="1" time="0.008281"/>
        <testcase name="qualityTwice" class="QualityTest" classname="QualityTest" file="/workspaces/karla/tests/unit/Karla/Action/QualityTest.php" line="68" assertions="1" time="0.006996"/>
        <testcase name="qualityUnSupportedFormat" class="QualityTest" classname="QualityTest" file="/workspaces/karla/tests/unit/Karla/Action/QualityTest.php" line="85" assertions="1" time="0.006176"/>
        <testcase name="qualityNotANumber" class="QualityTest" classname="QualityTest" file="/workspaces/karla/tests/unit/Karla/Action/QualityTest.php" line="101" assertions="1" time="0.006310"/>
        <testcase name="qualityNotAValidQuality" class="QualityTest" classname="QualityTest" file="/workspaces/karla/tests/unit/Karla/Action/QualityTest.php" line="117" assertions="1" time="0.006465"/>
      </testsuite>
      <testsuite name="ResampleTest" file="/workspaces/karla/tests/unit/Karla/Action/ResampleTest.php" tests="9" assertions="8" errors="0" warnings="0" failures="0" skipped="1" time="0.067771">
        <testcase name="resample" class="ResampleTest" classname="ResampleTest" file="/workspaces/karla/tests/unit/Karla/Action/ResampleTest.php" line="51" assertions="1" time="0.009377"/>
        <testcase name="resampleTwice" class="ResampleTest" classname="ResampleTest" file="/workspaces/karla/tests/unit/Karla/Action/ResampleTest.php" line="68" assertions="1" time="0.006198"/>
        <testcase name="resampleWithResize" class="ResampleTest" classname="ResampleTest" file="/workspaces/karla/tests/unit/Karla/Action/ResampleTest.php" line="85" assertions="1" time="0.009246"/>
        <testcase name="resampleWithDensity" class="ResampleTest" classname="ResampleTest" file="/workspaces/karla/tests/unit/Karla/Action/ResampleTest.php" line="103" assertions="1" time="0.006080"/>
        <testcase name="resampleWidthNotNumeric" class="ResampleTest" classname="ResampleTest" file="/workspaces/karla/tests/unit/Karla/Action/ResampleTest.php" line="120" assertions="1" time="0.006793"/>
        <testcase name="resampleHeightNotNumeric" class="ResampleTest" classname="ResampleTest" file="/workspaces/karla/tests/unit/Karla/Action/ResampleTest.php" line="136" assertions="1" time="0.006189"/>
        <testcase name="resampleOriginalHeightNotNumeric" class="ResampleTest" classname="ResampleTest" file="/workspaces/karla/tests/unit/Karla/Action/ResampleTest.php" line="152" assertions="1" time="0.007227"/>
        <testcase name="resampleOriginalWidthNotNumeric" class="ResampleTest" classname="ResampleTest" file="/workspaces/karla/tests/unit/Karla/Action/ResampleTest.php" line="168" assertions="1" time="0.005927"/>
        <testcase name="resampleWithOnlyWidth" class="ResampleTest" classname="ResampleTest" file="/workspaces/karla/tests/unit/Karla/Action/ResampleTest.php" line="185" assertions="0" time="0.010735">
          <skipped/>
        </testcase>
      </testsuite>
      <testsuite name="ResizeTest" file="/workspaces/karla/tests/unit/Karla/Action/ResizeTest.php" tests="7" assertions="7" errors="0" warnings="0" failures="0" skipped="0" time="0.048331">
        <testcase name="resize" class="ResizeTest" classname="ResizeTest" file="/workspaces/karla/tests/unit/Karla/Action/ResizeTest.php" line="51" assertions="1" time="0.007432"/>
        <testcase name="resizeWithResample" class="ResizeTest" classname="ResizeTest" file="/workspaces/karla/tests/unit/Karla/Action/ResizeTest.php" line="68" assertions="1" time="0.006846"/>
        <testcase name="resizeTwice" class="ResizeTest" classname="ResizeTest" file="/workspaces/karla/tests/unit/Karla/Action/ResizeTest.php" line="85" assertions="1" time="0.008048"/>
        <testcase name="resizeWithNoArguments" class="ResizeTest" classname="ResizeTest" file="/workspaces/karla/tests/unit/Karla/Action/ResizeTest.php" line="102" assertions="1" time="0.005903"/>
        <testcase name="resizeWithNonNumericWidth" class="ResizeTest" classname="ResizeTest" file="/workspaces/karla/tests/unit/Karla/Action/ResizeTest.php" line="118" assertions="1" time="0.007450"/>
        <testcase name="resizeWithNonNumericHeight" class="ResizeTest" classname="ResizeTest" file="/workspaces/karla/tests/unit/Karla/Action/ResizeTest.php" line="134" assertions="1" time="0.006095"/>
        <testcase name="resizeWithoutMaintainingAspectRatio" class="ResizeTest" classname="ResizeTest" file="/workspaces/karla/tests/unit/Karla/Action/ResizeTest.php" line="152" assertions="1" time="0.006557"/>
      </testsuite>
      <testsuite name="RotateTest" file="/workspaces/karla/tests/unit/Karla/Action/RotateTest.php" tests="2" assertions="2" errors="0" warnings="0" failures="0" skipped="0" time="0.014611">
        <testcase name="rotate" class="RotateTest" classname="RotateTest" file="/workspaces/karla/tests/unit/Karla/Action/RotateTest.php" line="51" assertions="1" time="0.007750"/>
        <testcase name="rotateWithInvalidDegreeArgument" class="RotateTest" classname="RotateTest" file="/workspaces/karla/tests/unit/Karla/Action/RotateTest.php" line="68" assertions="1" time="0.006861"/>
      </testsuite>
      <testsuite name="SepiaTest" file="/workspaces/karla/tests/unit/Karla/Action/SepiaTest.php" tests="4" assertions="4" errors="0" warnings="0" failures="0" skipped="0" time="0.027579">
        <testcase name="sepia" class="SepiaTest" classname="SepiaTest" file="/workspaces/karla/tests/unit/Karla/Action/SepiaTest.php" line="51" assertions="1" time="0.007972"/>
        <testcase name="sepiaTwice" class="SepiaTest" classname="SepiaTest" file="/workspaces/karla/tests/unit/Karla/Action/SepiaTest.php" line="68" assertions="1" time="0.006606"/>
        <testcase name="sepiaInvalidThreshold" class="SepiaTest" classname="SepiaTest" file="/workspaces/karla/tests/unit/Karla/Action/SepiaTest.php" line="85" assertions="1" time="0.006389"/>
        <testcase name="sepiaInvalidThresholdNumber" class="SepiaTest" classname="SepiaTest" file="/workspaces/karla/tests/unit/Karla/Action/SepiaTest.php" line="101" assertions="1" time="0.006613"/>
      </testsuite>
      <testsuite name="SizeTest" file="/workspaces/karla/tests/unit/Karla/Action/SizeTest.php" tests="3" assertions="3" errors="0" warnings="0" failures="0" skipped="0" time="0.020808">
        <testcase name="size" class="SizeTest" classname="SizeTest" file="/workspaces/karla/tests/unit/Karla/Action/SizeTest.php" line="51" assertions="1" time="0.008808"/>
        <testcase name="sizeTwice" class="SizeTest" classname="SizeTest" file="/workspaces/karla/tests/unit/Karla/Action/SizeTest.php" line="68" assertions="1" time="0.005670"/>
        <testcase name="sizeNoArguments" class="SizeTest" classname="SizeTest" file="/workspaces/karla/tests/unit/Karla/Action/SizeTest.php" line="85" assertions="1" time="0.006330"/>
      </testsuite>
      <testsuite name="StripTest" file="/workspaces/karla/tests/unit/Karla/Action/StripTest.php" tests="2" assertions="2" errors="0" warnings="0" failures="0" skipped="0" time="0.014907">
        <testcase name="strip" class="StripTest" classname="StripTest" file="/workspaces/karla/tests/unit/Karla/Action/StripTest.php" line="52" assertions="1" time="0.007661"/>
        <testcase name="stripTwice" class="StripTest" classname="StripTest" file="/workspaces/karla/tests/unit/Karla/Action/StripTest.php" line="69" assertions="1" time="0.007246"/>
      </testsuite>
      <testsuite name="TypeTest" file="/workspaces/karla/tests/unit/Karla/Action/TypeTest.php" tests="3" assertions="3" errors="0" warnings="0" failures="0" skipped="0" time="0.040192">
        <testcase name="type" class="TypeTest" classname="TypeTest" file="/workspaces/karla/tests/unit/Karla/Action/TypeTest.php" line="51" assertions="1" time="0.013137"/>
        <testcase name="typeTwice" class="TypeTest" classname="TypeTest" file="/workspaces/karla/tests/unit/Karla/Action/TypeTest.php" line="68" assertions="1" time="0.016105"/>
        <testcase name="typeUnsupported" class="TypeTest" classname="TypeTest" file="/workspaces/karla/tests/unit/Karla/Action/TypeTest.php" line="85" assertions="1" time="0.010949"/>
      </testsuite>
      <testsuite name="FileTest" file="/workspaces/karla/tests/unit/Karla/Cache/FileTest.php" tests="1" assertions="0" errors="0" warnings="0" failures="0" skipped="1" time="0.007127">
        <testcase name="setCache" class="FileTest" classname="FileTest" file="/workspaces/karla/tests/unit/Karla/Cache/FileTest.php" line="86" assertions="0" time="0.007127">
          <skipped/>
        </testcase>
      </testsuite>
      <testsuite name="KarlaTest" file="/workspaces/karla/tests/unit/Karla/KarlaTest.php" tests="6" assertions="6" errors="0" warnings="0" failures="0" skipped="0" time="0.049230">
        <testcase name="perform" class="KarlaTest" classname="KarlaTest" file="/workspaces/karla/tests/unit/Karla/KarlaTest.php" line="63" assertions="1" time="0.008750"/>
        <testcase name="privateMethods" class="KarlaTest" classname="KarlaTest" file="/workspaces/karla/tests/unit/Karla/KarlaTest.php" line="75" assertions="1" time="0.005580"/>
        <testcase name="raw" class="KarlaTest" classname="KarlaTest" file="/workspaces/karla/tests/unit/Karla/KarlaTest.php" line="87" assertions="1" time="0.011958"/>
        <testcase name="convert" class="KarlaTest" classname="KarlaTest" file="/workspaces/karla/tests/unit/Karla/KarlaTest.php" line="100" assertions="1" time="0.005545"/>
        <testcase name="identify" class="KarlaTest" classname="KarlaTest" file="/workspaces/karla/tests/unit/Karla/KarlaTest.php" line="113" assertions="1" time="0.008804"/>
        <testcase name="composite" class="KarlaTest" classname="KarlaTest" file="/workspaces/karla/tests/unit/Karla/KarlaTest.php" line="126" assertions="1" time="0.008593"/>
      </testsuite>
      <testsuite name="MetaDataTest" file="/workspaces/karla/tests/unit/Karla/MetaDataTest.php" tests="25" assertions="26" errors="0" warnings="0" failures="0" skipped="1" time="0.876764">
        <testcase name="getResolutionHeight" class="MetaDataTest" classname="MetaDataTest" file="/workspaces/karla/tests/unit/Karla/MetaDataTest.php" line="67" assertions="1" time="0.021931"/>
        <testcase name="getResolutionHeightVerbose" class="MetaDataTest" classname="MetaDataTest" file="/workspaces/karla/tests/unit/Karla/MetaDataTest.php" line="82" assertions="1" time="0.058822"/>
        <testcase name="getResolutionWidthVerbose" class="MetaDataTest" classname="MetaDataTest" file="/workspaces/karla/tests/unit/Karla/MetaDataTest.php" line="98" assertions="1" time="0.054569"/>
        <testcase name="getResolutionWidth" class="MetaDataTest" classname="MetaDataTest" file="/workspaces/karla/tests/unit/Karla/MetaDataTest.php" line="114" assertions="1" time="0.022632"/>
        <testcase name="parseMethods" class="MetaDataTest" classname="MetaDataTest" file="/workspaces/karla/tests/unit/Karla/MetaDataTest.php" line="129" assertions="1" time="0.020741"/>
        <testcase name="parseMethodsVerbose" class="MetaDataTest" classname="MetaDataTest" file="/workspaces/karla/tests/unit/Karla/MetaDataTest.php" line="144" assertions="1" time="0.061177"/>
        <testcase name="getFormatVerbose" class="MetaDataTest" classname="MetaDataTest" file="/workspaces/karla/tests/unit/Karla/MetaDataTest.php" line="160" assertions="1" time="0.058055"/>
        <testcase name="getFormat" class="MetaDataTest" classname="MetaDataTest" file="/workspaces/karla/tests/unit/Karla/MetaDataTest.php" line="176" assertions="1" time="0.023479"/>
        <testcase name="getDepthVerbose" class="MetaDataTest" classname="MetaDataTest" file="/workspaces/karla/tests/unit/Karla/MetaDataTest.php" line="191" assertions="1" time="0.049370"/>
        <testcase name="getDepth" class="MetaDataTest" classname="MetaDataTest" file="/workspaces/karla/tests/unit/Karla/MetaDataTest.php" line="207" assertions="1" time="0.021330"/>
        <testcase name="getColorspaceVerbose" class="MetaDataTest" classname="MetaDataTest" file="/workspaces/karla/tests/unit/Karla/MetaDataTest.php" line="222" assertions="1" time="0.050694"/>
        <testcase name="getColorspace" class="MetaDataTest" classname="MetaDataTest" file="/workspaces/karla/tests/unit/Karla/MetaDataTest.php" line="238" assertions="1" time="0.021349"/>
        <testcase name="getGeometryVerbose" class="MetaDataTest" classname="MetaDataTest" file="/workspaces/karla/tests/unit/Karla/MetaDataTest.php" line="253" assertions="2" time="0.052959"/>
        <testcase name="getGeometry" class="MetaDataTest" classname="MetaDataTest" file="/workspaces/karla/tests/unit/Karla/MetaDataTest.php" line="270" assertions="2" time="0.022249"/>
        <testcase name="getHeightVerbose" class="MetaDataTest" classname="MetaDataTest" file="/workspaces/karla/tests/unit/Karla/MetaDataTest.php" line="286" assertions="1" time="0.050232"/>
        <testcase name="getHeight" class="MetaDataTest" classname="MetaDataTest" file="/workspaces/karla/tests/unit/Karla/MetaDataTest.php" line="302" assertions="1" time="0.022255"/>
        <testcase name="getWidthVerbose" class="MetaDataTest" classname="MetaDataTest" file="/workspaces/karla/tests/unit/Karla/MetaDataTest.php" line="317" assertions="1" time="0.048512"/>
        <testcase name="getWidth" class="MetaDataTest" classname="MetaDataTest" file="/workspaces/karla/tests/unit/Karla/MetaDataTest.php" line="333" assertions="1" time="0.019487"/>
        <testcase name="listRawVerbose" class="MetaDataTest" classname="MetaDataTest" file="/workspaces/karla/tests/unit/Karla/MetaDataTest.php" line="348" assertions="1" time="0.048140"/>
        <testcase name="listRaw" class="MetaDataTest" classname="MetaDataTest" file="/workspaces/karla/tests/unit/Karla/MetaDataTest.php" line="364" assertions="1" time="0.020422"/>
        <testcase name="getUnitVerbose" class="MetaDataTest" classname="MetaDataTest" file="/workspaces/karla/tests/unit/Karla/MetaDataTest.php" line="379" assertions="1" time="0.047388"/>
        <testcase name="getUnit" class="MetaDataTest" classname="MetaDataTest" file="/workspaces/karla/tests/unit/Karla/MetaDataTest.php" line="395" assertions="1" time="0.029710"/>
        <testcase name="getHashVerbose" class="MetaDataTest" classname="MetaDataTest" file="/workspaces/karla/tests/unit/Karla/MetaDataTest.php" line="410" assertions="0" time="0.006038">
          <skipped/>
        </testcase>
        <testcase name="getHash" class="MetaDataTest" classname="MetaDataTest" file="/workspaces/karla/tests/unit/Karla/MetaDataTest.php" line="431" assertions="1" time="0.022575"/>
        <testcase name="getHashWithInvalidAlgorithm" class="MetaDataTest" classname="MetaDataTest" file="/workspaces/karla/tests/unit/Karla/MetaDataTest.php" line="445" assertions="1" time="0.022650"/>
      </testsuite>
      <testsuite name="CompositeTest" file="/workspaces/karla/tests/unit/Karla/Program/CompositeTest.php" tests="9" assertions="8" errors="0" warnings="0" failures="0" skipped="2" time="0.076025">
        <testcase name="basefile" class="CompositeTest" classname="CompositeTest" file="/workspaces/karla/tests/unit/Karla/Program/CompositeTest.php" line="50" assertions="1" time="0.008497"/>
        <testcase name="changefile" class="CompositeTest" classname="CompositeTest" file="/workspaces/karla/tests/unit/Karla/Program/CompositeTest.php" line="63" assertions="1" time="0.006922"/>
        <testcase name="outputfile" class="CompositeTest" classname="CompositeTest" file="/workspaces/karla/tests/unit/Karla/Program/CompositeTest.php" line="76" assertions="1" time="0.008155"/>
        <testcase name="raw" class="CompositeTest" classname="CompositeTest" file="/workspaces/karla/tests/unit/Karla/Program/CompositeTest.php" line="89" assertions="1" time="0.007848"/>
        <testcase name="__clone" class="CompositeTest" classname="CompositeTest" file="/workspaces/karla/tests/unit/Karla/Program/CompositeTest.php" line="101" assertions="1" time="0.007590"/>
        <testcase name="getCommand" class="CompositeTest" classname="CompositeTest" file="/workspaces/karla/tests/unit/Karla/Program/CompositeTest.php" line="114" assertions="1" time="0.012176"/>
        <testcase name="execute" class="CompositeTest" classname="CompositeTest" file="/workspaces/karla/tests/unit/Karla/Program/CompositeTest.php" line="127" assertions="0" time="0.008833">
          <skipped/>
        </testcase>
        <testcase name="reset" class="CompositeTest" classname="CompositeTest" file="/workspaces/karla/tests/unit/Karla/Program/CompositeTest.php" line="139" assertions="0" time="0.007894">
          <skipped/>
        </testcase>
        <testcase name="validProgram" class="CompositeTest" classname="CompositeTest" file="/workspaces/karla/tests/unit/Karla/Program/CompositeTest.php" line="151" assertions="2" time="0.008109"/>
      </testsuite>
      <testsuite name="ConvertTest" file="/workspaces/karla/tests/unit/Karla/Program/ConvertTest.php" tests="25" assertions="25" errors="0" warnings="0" failures="0" skipped="1" time="0.261738">
        <testcase name="invalidInputfile" class="ConvertTest" classname="ConvertTest" file="/workspaces/karla/tests/unit/Karla/Program/ConvertTest.php" line="49" assertions="1" time="0.011197"/>
        <testcase name="inputfileWithoutOutputfile" class="ConvertTest" classname="ConvertTest" file="/workspaces/karla/tests/unit/Karla/Program/ConvertTest.php" line="63" assertions="1" time="0.007775"/>
        <testcase name="outputfileWithoutInputfile" class="ConvertTest" classname="ConvertTest" file="/workspaces/karla/tests/unit/Karla/Program/ConvertTest.php" line="77" assertions="1" time="0.007612"/>
        <testcase name="invalidOutputfile" class="ConvertTest" classname="ConvertTest" file="/workspaces/karla/tests/unit/Karla/Program/ConvertTest.php" line="91" assertions="1" time="0.007807"/>
        <testcase name="inputfileAndOutputfile" class="ConvertTest" classname="ConvertTest" file="/workspaces/karla/tests/unit/Karla/Program/ConvertTest.php" line="106" assertions="1" time="0.006985"/>
        <testcase name="removeProfile" class="ConvertTest" classname="ConvertTest" file="/workspaces/karla/tests/unit/Karla/Program/ConvertTest.php" line="123" assertions="1" time="0.009155"/>
        <testcase name="density" class="ConvertTest" classname="ConvertTest" file="/workspaces/karla/tests/unit/Karla/Program/ConvertTest.php" line="141" assertions="1" time="0.006717"/>
        <testcase name="densityWithInvalidWidth" class="ConvertTest" classname="ConvertTest" file="/workspaces/karla/tests/unit/Karla/Program/ConvertTest.php" line="158" assertions="1" time="0.008365"/>
        <testcase name="densityWithInvalidHeight" class="ConvertTest" classname="ConvertTest" file="/workspaces/karla/tests/unit/Karla/Program/ConvertTest.php" line="176" assertions="1" time="0.006735"/>
        <testcase name="densityWithResample" class="ConvertTest" classname="ConvertTest" file="/workspaces/karla/tests/unit/Karla/Program/ConvertTest.php" line="194" assertions="1" time="0.008656"/>
        <testcase name="profile" class="ConvertTest" classname="ConvertTest" file="/workspaces/karla/tests/unit/Karla/Program/ConvertTest.php" line="212" assertions="1" time="0.006335"/>
        <testcase name="profileWithInvalidPath" class="ConvertTest" classname="ConvertTest" file="/workspaces/karla/tests/unit/Karla/Program/ConvertTest.php" line="229" assertions="1" time="0.010050"/>
        <testcase name="changeProfile" class="ConvertTest" classname="ConvertTest" file="/workspaces/karla/tests/unit/Karla/Program/ConvertTest.php" line="246" assertions="1" time="0.008021"/>
        <testcase name="changeProfileTwice" class="ConvertTest" classname="ConvertTest" file="/workspaces/karla/tests/unit/Karla/Program/ConvertTest.php" line="263" assertions="1" time="0.016351"/>
        <testcase name="changeProfileInvalidNewProfile" class="ConvertTest" classname="ConvertTest" file="/workspaces/karla/tests/unit/Karla/Program/ConvertTest.php" line="280" assertions="1" time="0.012717"/>
        <testcase name="changeProfileInvalidOldProfile" class="ConvertTest" classname="ConvertTest" file="/workspaces/karla/tests/unit/Karla/Program/ConvertTest.php" line="296" assertions="1" time="0.012420"/>
        <testcase name="gravity" class="ConvertTest" classname="ConvertTest" file="/workspaces/karla/tests/unit/Karla/Program/ConvertTest.php" line="313" assertions="1" time="0.019746"/>
        <testcase name="gravityTwice" class="ConvertTest" classname="ConvertTest" file="/workspaces/karla/tests/unit/Karla/Program/ConvertTest.php" line="330" assertions="1" time="0.028366"/>
        <testcase name="__clone" class="ConvertTest" classname="ConvertTest" file="/workspaces/karla/tests/unit/Karla/Program/ConvertTest.php" line="347" assertions="1" time="0.011033"/>
        <testcase name="getCommand" class="ConvertTest" classname="ConvertTest" file="/workspaces/karla/tests/unit/Karla/Program/ConvertTest.php" line="360" assertions="1" time="0.008156"/>
        <testcase name="execute" class="ConvertTest" classname="ConvertTest" file="/workspaces/karla/tests/unit/Karla/Program/ConvertTest.php" line="376" assertions="0" time="0.009687">
          <skipped/>
        </testcase>
        <testcase name="raw" class="ConvertTest" classname="ConvertTest" file="/workspaces/karla/tests/unit/Karla/Program/ConvertTest.php" line="388" assertions="1" time="0.009879"/>
        <testcase name="validProgram" class="ConvertTest" classname="ConvertTest" file="/workspaces/karla/tests/unit/Karla/Program/ConvertTest.php" line="401" assertions="2" time="0.010649"/>
        <testcase name="rotate" class="ConvertTest" classname="ConvertTest" file="/workspaces/karla/tests/unit/Karla/Program/ConvertTest.php" line="416" assertions="1" time="0.009724"/>
        <testcase name="rotateTwice" class="ConvertTest" classname="ConvertTest" file="/workspaces/karla/tests/unit/Karla/Program/ConvertTest.php" line="433" assertions="1" time="0.007597"/>
      </testsuite>
      <testsuite name="IdentifyTest" file="/workspaces/karla/tests/unit/Karla/Program/IdentifyTest.php" tests="14" assertions="14" errors="0" warnings="0" failures="0" skipped="1" time="0.239717">
        <testcase name="in" class="IdentifyTest" classname="IdentifyTest" file="/workspaces/karla/tests/unit/Karla/Program/IdentifyTest.php" line="51" assertions="1" time="0.008806"/>
        <testcase name="invalidInputfile" class="IdentifyTest" classname="IdentifyTest" file="/workspaces/karla/tests/unit/Karla/Program/IdentifyTest.php" line="65" assertions="1" time="0.010794"/>
        <testcase name="execute" class="IdentifyTest" classname="IdentifyTest" file="/workspaces/karla/tests/unit/Karla/Program/IdentifyTest.php" line="80" assertions="1" time="0.020788"/>
        <testcase name="executeNoRaw" class="IdentifyTest" classname="IdentifyTest" file="/workspaces/karla/tests/unit/Karla/Program/IdentifyTest.php" line="95" assertions="1" time="0.029805"/>
        <testcase name="executeNoRawVerbose" class="IdentifyTest" classname="IdentifyTest" file="/workspaces/karla/tests/unit/Karla/Program/IdentifyTest.php" line="110" assertions="1" time="0.062349"/>
        <testcase name="executeNoReset" class="IdentifyTest" classname="IdentifyTest" file="/workspaces/karla/tests/unit/Karla/Program/IdentifyTest.php" line="126" assertions="1" time="0.023403"/>
        <testcase name="executeNoResetNoRaw" class="IdentifyTest" classname="IdentifyTest" file="/workspaces/karla/tests/unit/Karla/Program/IdentifyTest.php" line="141" assertions="1" time="0.024786"/>
        <testcase name="verbose" class="IdentifyTest" classname="IdentifyTest" file="/workspaces/karla/tests/unit/Karla/Program/IdentifyTest.php" line="156" assertions="1" time="0.008611"/>
        <testcase name="verboseTwice" class="IdentifyTest" classname="IdentifyTest" file="/workspaces/karla/tests/unit/Karla/Program/IdentifyTest.php" line="171" assertions="1" time="0.008673"/>
        <testcase name="__clone" class="IdentifyTest" classname="IdentifyTest" file="/workspaces/karla/tests/unit/Karla/Program/IdentifyTest.php" line="187" assertions="1" time="0.010613"/>
        <testcase name="getCommand" class="IdentifyTest" classname="IdentifyTest" file="/workspaces/karla/tests/unit/Karla/Program/IdentifyTest.php" line="200" assertions="1" time="0.010513"/>
        <testcase name="reset" class="IdentifyTest" classname="IdentifyTest" file="/workspaces/karla/tests/unit/Karla/Program/IdentifyTest.php" line="214" assertions="0" time="0.006125">
          <skipped/>
        </testcase>
        <testcase name="raw" class="IdentifyTest" classname="IdentifyTest" file="/workspaces/karla/tests/unit/Karla/Program/IdentifyTest.php" line="226" assertions="1" time="0.008071"/>
        <testcase name="validProgram" class="IdentifyTest" classname="IdentifyTest" file="/workspaces/karla/tests/unit/Karla/Program/IdentifyTest.php" line="239" assertions="2" time="0.006381"/>
      </testsuite>
    </testsuite>
  </testsuite>
</testsuites>
